// Jest Snapshot v1, https://goo.gl/fbAQLP

exports[`File Storage addSecureFileStorage should add secure file storage 1`] = `
Object {
  "AWSTemplateFormatVersion": "2010-09-09",
  "Metadata": Object {
    "AWS::CloudFormation::Interface": Object {
      "ParameterGroups": Array [
        Object {
          "Label": Object {
            "default": "API",
          },
          "Parameters": Array [
            "APIFSName",
          ],
        },
      ],
      "ParameterLabels": Object {
        "APIFSName": Object {
          "default": "API FS Name",
        },
      },
    },
  },
  "Parameters": Object {
    "APIFSName": Object {
      "Description": "The name of the file storage resource.",
      "Type": "String",
    },
  },
  "Resources": Object {
    "APIFS": Object {
      "DeletionPolicy": "Delete",
      "Properties": Object {
        "BucketEncryption": Object {
          "ServerSideEncryptionConfiguration": Array [
            Object {
              "ServerSideEncryptionByDefault": Object {
                "SSEAlgorithm": "AES256",
              },
            },
          ],
        },
        "BucketName": Object {
          "Ref": "APIFSName",
        },
        "CorsConfiguration": Object {
          "CorsRules": Array [
            Object {
              "AllowedHeaders": Array [
                "*",
              ],
              "AllowedMethods": Array [
                "GET",
                "PUT",
                "POST",
                "DELETE",
                "HEAD",
              ],
              "AllowedOrigins": Array [
                "*",
              ],
            },
          ],
        },
        "PublicAccessBlockConfiguration": Object {
          "BlockPublicAcls": true,
          "BlockPublicPolicy": true,
          "IgnorePublicAcls": true,
          "RestrictPublicBuckets": true,
        },
      },
      "Type": "AWS::S3::Bucket",
    },
  },
}
`;
